<?xml version="1.0" encoding="ISO-8859-1" ?>
<link_info>
   <banner>TI ARM Linker PC v18.12.2.LTS</banner>
   <copyright>Copyright (c) 1996-2018 Texas Instruments Incorporated</copyright>
   <link_time>0x5db95881</link_time>
   <link_errors>0x0</link_errors>
   <output_file>testing.out</output_file>
   <entry_point>
      <name>_c_int00_noargs</name>
      <address>0x319d</address>
   </entry_point>
   <input_file_list>
      <input_file id="fl-2">
         <path>.\</path>
         <kind>object</kind>
         <file>main.obj</file>
         <name>main.obj</name>
      </input_file>
      <input_file id="fl-3">
         <path>.\</path>
         <kind>object</kind>
         <file>tm4c123gh6pm_startup_ccs.obj</file>
         <name>tm4c123gh6pm_startup_ccs.obj</name>
      </input_file>
      <input_file id="fl-4">
         <path>.\</path>
         <kind>object</kind>
         <file>uartstdio.obj</file>
         <name>uartstdio.obj</name>
      </input_file>
      <input_file id="fl-b">
         <kind>object</kind>
         <file>&lt;internal&gt;</file>
         <name>&lt;internal&gt;</name>
      </input_file>
      <input_file id="fl-c1">
         <path>C:\ti\ccs910\ccs\tools\compiler\ti-cgt-arm_18.12.2.LTS\lib\</path>
         <kind>archive</kind>
         <file>rtsv7M4_T_le_v4SPD16_eabi.lib</file>
         <name>u_divt2.asm.obj</name>
      </input_file>
      <input_file id="fl-c2">
         <path>C:\ti\ccs910\ccs\tools\compiler\ti-cgt-arm_18.12.2.LTS\lib\</path>
         <kind>archive</kind>
         <file>rtsv7M4_T_le_v4SPD16_eabi.lib</file>
         <name>copy_zero_init.c.obj</name>
      </input_file>
      <input_file id="fl-c3">
         <path>C:\ti\ccs910\ccs\tools\compiler\ti-cgt-arm_18.12.2.LTS\lib\</path>
         <kind>archive</kind>
         <file>rtsv7M4_T_le_v4SPD16_eabi.lib</file>
         <name>copy_decompress_none.c.obj</name>
      </input_file>
      <input_file id="fl-c4">
         <path>C:\ti\ccs910\ccs\tools\compiler\ti-cgt-arm_18.12.2.LTS\lib\</path>
         <kind>archive</kind>
         <file>rtsv7M4_T_le_v4SPD16_eabi.lib</file>
         <name>copy_decompress_lzss.c.obj</name>
      </input_file>
      <input_file id="fl-c5">
         <path>C:\ti\ccs910\ccs\tools\compiler\ti-cgt-arm_18.12.2.LTS\lib\</path>
         <kind>archive</kind>
         <file>rtsv7M4_T_le_v4SPD16_eabi.lib</file>
         <name>boot_cortex_m.c.obj</name>
      </input_file>
      <input_file id="fl-c6">
         <path>C:\ti\ccs910\ccs\tools\compiler\ti-cgt-arm_18.12.2.LTS\lib\</path>
         <kind>archive</kind>
         <file>rtsv7M4_T_le_v4SPD16_eabi.lib</file>
         <name>div0.asm.obj</name>
      </input_file>
      <input_file id="fl-c7">
         <path>C:\ti\ccs910\ccs\tools\compiler\ti-cgt-arm_18.12.2.LTS\lib\</path>
         <kind>archive</kind>
         <file>rtsv7M4_T_le_v4SPD16_eabi.lib</file>
         <name>memset_t2.asm.obj</name>
      </input_file>
      <input_file id="fl-c8">
         <path>C:\ti\ccs910\ccs\tools\compiler\ti-cgt-arm_18.12.2.LTS\lib\</path>
         <kind>archive</kind>
         <file>rtsv7M4_T_le_v4SPD16_eabi.lib</file>
         <name>memcpy_t2.asm.obj</name>
      </input_file>
      <input_file id="fl-c9">
         <path>C:\ti\ccs910\ccs\tools\compiler\ti-cgt-arm_18.12.2.LTS\lib\</path>
         <kind>archive</kind>
         <file>rtsv7M4_T_le_v4SPD16_eabi.lib</file>
         <name>autoinit.c.obj</name>
      </input_file>
      <input_file id="fl-ca">
         <path>C:\ti\ccs910\ccs\tools\compiler\ti-cgt-arm_18.12.2.LTS\lib\</path>
         <kind>archive</kind>
         <file>rtsv7M4_T_le_v4SPD16_eabi.lib</file>
         <name>pre_init.c.obj</name>
      </input_file>
      <input_file id="fl-cb">
         <path>C:\ti\ccs910\ccs\tools\compiler\ti-cgt-arm_18.12.2.LTS\lib\</path>
         <kind>archive</kind>
         <file>rtsv7M4_T_le_v4SPD16_eabi.lib</file>
         <name>cpy_tbl.c.obj</name>
      </input_file>
      <input_file id="fl-cc">
         <path>C:\ti\ccs910\ccs\tools\compiler\ti-cgt-arm_18.12.2.LTS\lib\</path>
         <kind>archive</kind>
         <file>rtsv7M4_T_le_v4SPD16_eabi.lib</file>
         <name>exit.c.obj</name>
      </input_file>
      <input_file id="fl-cd">
         <path>C:\ti\ccs910\ccs\tools\compiler\ti-cgt-arm_18.12.2.LTS\lib\</path>
         <kind>archive</kind>
         <file>rtsv7M4_T_le_v4SPD16_eabi.lib</file>
         <name>_lock.c.obj</name>
      </input_file>
      <input_file id="fl-ce">
         <path>C:\ti\ccs910\ccs\tools\compiler\ti-cgt-arm_18.12.2.LTS\lib\</path>
         <kind>archive</kind>
         <file>rtsv7M4_T_le_v4SPD16_eabi.lib</file>
         <name>args_main.c.obj</name>
      </input_file>
      <input_file id="fl-cf">
         <path>C:\ti\tivaware_c_series_2_1_4_178\driverlib\ccs\Debug\</path>
         <kind>archive</kind>
         <file>driverlib.lib</file>
         <name>gpio.obj</name>
      </input_file>
      <input_file id="fl-d0">
         <path>C:\ti\tivaware_c_series_2_1_4_178\driverlib\ccs\Debug\</path>
         <kind>archive</kind>
         <file>driverlib.lib</file>
         <name>i2c.obj</name>
      </input_file>
      <input_file id="fl-d1">
         <path>C:\ti\tivaware_c_series_2_1_4_178\driverlib\ccs\Debug\</path>
         <kind>archive</kind>
         <file>driverlib.lib</file>
         <name>interrupt.obj</name>
      </input_file>
      <input_file id="fl-d2">
         <path>C:\ti\tivaware_c_series_2_1_4_178\driverlib\ccs\Debug\</path>
         <kind>archive</kind>
         <file>driverlib.lib</file>
         <name>sysctl.obj</name>
      </input_file>
      <input_file id="fl-d3">
         <path>C:\ti\tivaware_c_series_2_1_4_178\driverlib\ccs\Debug\</path>
         <kind>archive</kind>
         <file>driverlib.lib</file>
         <name>uart.obj</name>
      </input_file>
      <input_file id="fl-d4">
         <path>C:\ti\tivaware_c_series_2_1_4_178\driverlib\ccs\Debug\</path>
         <kind>archive</kind>
         <file>driverlib.lib</file>
         <name>cpu.obj</name>
      </input_file>
      <input_file id="fl-d5">
         <path>C:\ti\tivaware_c_series_2_1_4_178\IQmath\ccs\IQmathLib\Debug\</path>
         <kind>archive</kind>
         <file>IQmathLib.lib</file>
         <name>IQNatan2.obj</name>
      </input_file>
      <input_file id="fl-d6">
         <path>C:\ti\tivaware_c_series_2_1_4_178\IQmath\ccs\IQmathLib\Debug\</path>
         <kind>archive</kind>
         <file>IQmathLib.lib</file>
         <name>IQNdiv.obj</name>
      </input_file>
      <input_file id="fl-d7">
         <path>C:\ti\tivaware_c_series_2_1_4_178\IQmath\ccs\IQmathLib\Debug\</path>
         <kind>archive</kind>
         <file>IQmathLib.lib</file>
         <name>IQNmpy.obj</name>
      </input_file>
      <input_file id="fl-d8">
         <path>C:\ti\tivaware_c_series_2_1_4_178\IQmath\ccs\IQmathLib\Debug\</path>
         <kind>archive</kind>
         <file>IQmathLib.lib</file>
         <name>IQtables.obj</name>
      </input_file>
      <input_file id="fl-d9">
         <path>C:\ti\tivaware_c_series_2_1_4_178\sensorlib\ccs\Debug\</path>
         <kind>archive</kind>
         <file>sensorlib.lib</file>
         <name>i2cm_drv.obj</name>
      </input_file>
      <input_file id="fl-da">
         <path>C:\ti\tivaware_c_series_2_1_4_178\sensorlib\ccs\Debug\</path>
         <kind>archive</kind>
         <file>sensorlib.lib</file>
         <name>mpu6050.obj</name>
      </input_file>
   </input_file_list>
   <object_component_list>
      <object_component id="oc-f">
         <name>.intvecs</name>
         <load_address>0x0</load_address>
         <run_address>0x0</run_address>
         <size>0x26c</size>
         <input_file_ref idref="fl-3"/>
      </object_component>
      <object_component id="oc-202">
         <name>.text:atan2PU_table</name>
         <load_address>0x26c</load_address>
         <run_address>0x26c</run_address>
         <size>0xc00</size>
         <input_file_ref idref="fl-d8"/>
      </object_component>
      <object_component id="oc-201">
         <name>.text:div_table</name>
         <load_address>0xe6c</load_address>
         <run_address>0xe6c</run_address>
         <size>0x800</size>
         <input_file_ref idref="fl-d8"/>
      </object_component>
      <object_component id="oc-2a">
         <name>.text</name>
         <load_address>0x166c</load_address>
         <run_address>0x166c</run_address>
         <size>0x5b0</size>
         <input_file_ref idref="fl-2"/>
      </object_component>
      <object_component id="oc-89">
         <name>.text</name>
         <load_address>0x1c1c</load_address>
         <run_address>0x1c1c</run_address>
         <size>0x49c</size>
         <input_file_ref idref="fl-4"/>
      </object_component>
      <object_component id="oc-154">
         <name>.text:GPIOPadConfigSet</name>
         <load_address>0x20b8</load_address>
         <run_address>0x20b8</run_address>
         <size>0x132</size>
         <input_file_ref idref="fl-cf"/>
      </object_component>
      <object_component id="oc-29a">
         <name>.text</name>
         <load_address>0x21ea</load_address>
         <run_address>0x21ea</run_address>
         <size>0x2</size>
         <input_file_ref idref="fl-c6"/>
      </object_component>
      <object_component id="oc-a1">
         <name>.text:SysCtlClockGet</name>
         <load_address>0x21ec</load_address>
         <run_address>0x21ec</run_address>
         <size>0x110</size>
         <input_file_ref idref="fl-d2"/>
      </object_component>
      <object_component id="oc-cd">
         <name>.text:SysCtlClockSet</name>
         <load_address>0x22fc</load_address>
         <run_address>0x22fc</run_address>
         <size>0xf4</size>
         <input_file_ref idref="fl-d2"/>
      </object_component>
      <object_component id="oc-b3">
         <name>.text:I2CMIntHandler</name>
         <load_address>0x23f0</load_address>
         <run_address>0x23f0</run_address>
         <size>0xf2</size>
         <input_file_ref idref="fl-d9"/>
      </object_component>
      <object_component id="oc-212">
         <name>.text:MPU6050Callback</name>
         <load_address>0x24e4</load_address>
         <run_address>0x24e4</run_address>
         <size>0xf0</size>
         <input_file_ref idref="fl-da"/>
      </object_component>
      <object_component id="oc-c3">
         <name>.text:_IQ16atan2</name>
         <load_address>0x25d4</load_address>
         <run_address>0x25d4</run_address>
         <size>0xd4</size>
         <input_file_ref idref="fl-d5"/>
      </object_component>
      <object_component id="oc-3e">
         <name>.text</name>
         <load_address>0x26a8</load_address>
         <run_address>0x26a8</run_address>
         <size>0x9c</size>
         <input_file_ref idref="fl-c8"/>
      </object_component>
      <object_component id="oc-1f8">
         <name>.text:I2CMStateIdle</name>
         <load_address>0x2744</load_address>
         <run_address>0x2744</run_address>
         <size>0x98</size>
         <input_file_ref idref="fl-d9"/>
      </object_component>
      <object_component id="oc-b9">
         <name>.text:_IQ16div</name>
         <load_address>0x27dc</load_address>
         <run_address>0x27dc</run_address>
         <size>0x90</size>
         <input_file_ref idref="fl-d6"/>
      </object_component>
      <object_component id="oc-20c">
         <name>.text:I2CMCommand</name>
         <load_address>0x286c</load_address>
         <run_address>0x286c</run_address>
         <size>0x88</size>
         <input_file_ref idref="fl-d9"/>
      </object_component>
      <object_component id="oc-21a">
         <name>.text:I2CMReadModifyWrite8</name>
         <load_address>0x28f4</load_address>
         <run_address>0x28f4</run_address>
         <size>0x78</size>
         <input_file_ref idref="fl-d9"/>
      </object_component>
      <object_component id="oc-e8">
         <name>.text:MPU6050DataAccelGetFloat</name>
         <load_address>0x296c</load_address>
         <run_address>0x296c</run_address>
         <size>0x70</size>
         <input_file_ref idref="fl-da"/>
      </object_component>
      <object_component id="oc-ee">
         <name>.text:MPU6050DataGyroGetFloat</name>
         <load_address>0x29dc</load_address>
         <run_address>0x29dc</run_address>
         <size>0x70</size>
         <input_file_ref idref="fl-da"/>
      </object_component>
      <object_component id="oc-2dc">
         <name>.text:IntDisable</name>
         <load_address>0x2a4c</load_address>
         <run_address>0x2a4c</run_address>
         <size>0x68</size>
         <input_file_ref idref="fl-d1"/>
      </object_component>
      <object_component id="oc-1a2">
         <name>.text:IntEnable</name>
         <load_address>0x2ab4</load_address>
         <run_address>0x2ab4</run_address>
         <size>0x68</size>
         <input_file_ref idref="fl-d1"/>
      </object_component>
      <object_component id="oc-12">
         <name>.text:decompress:lzss:__TI_decompress_lzss</name>
         <load_address>0x2b1c</load_address>
         <run_address>0x2b1c</run_address>
         <size>0x68</size>
         <input_file_ref idref="fl-c4"/>
      </object_component>
      <object_component id="oc-2d6">
         <name>.text:IntIsEnabled</name>
         <load_address>0x2b84</load_address>
         <run_address>0x2b84</run_address>
         <size>0x64</size>
         <input_file_ref idref="fl-d1"/>
      </object_component>
      <object_component id="oc-2f1">
         <name>.text:I2CMReadModifyWrite8Callback</name>
         <load_address>0x2be8</load_address>
         <run_address>0x2be8</run_address>
         <size>0x60</size>
         <input_file_ref idref="fl-d9"/>
      </object_component>
      <object_component id="oc-1e6">
         <name>.text:I2CMStateWritePause</name>
         <load_address>0x2c48</load_address>
         <run_address>0x2c48</run_address>
         <size>0x5e</size>
         <input_file_ref idref="fl-d9"/>
      </object_component>
      <object_component id="oc-d3">
         <name>.text:MPU6050Init</name>
         <load_address>0x2ca8</load_address>
         <run_address>0x2ca8</run_address>
         <size>0x5c</size>
         <input_file_ref idref="fl-da"/>
      </object_component>
      <object_component id="oc-e1">
         <name>.text:MPU6050DataRead</name>
         <load_address>0x2d04</load_address>
         <run_address>0x2d04</run_address>
         <size>0x54</size>
         <input_file_ref idref="fl-da"/>
      </object_component>
      <object_component id="oc-1ec">
         <name>.text:I2CMStateWriteFinal</name>
         <load_address>0x2d58</load_address>
         <run_address>0x2d58</run_address>
         <size>0x50</size>
         <input_file_ref idref="fl-d9"/>
      </object_component>
      <object_component id="oc-8f">
         <name>.text:SysCtlPeripheralReset</name>
         <load_address>0x2da8</load_address>
         <run_address>0x2da8</run_address>
         <size>0x50</size>
         <input_file_ref idref="fl-d2"/>
      </object_component>
      <object_component id="oc-a7">
         <name>.text:I2CMasterInitExpClk</name>
         <load_address>0x2df8</load_address>
         <run_address>0x2df8</run_address>
         <size>0x4c</size>
         <input_file_ref idref="fl-d0"/>
      </object_component>
      <object_component id="oc-d9">
         <name>.text:MPU6050ReadModifyWrite</name>
         <load_address>0x2e44</load_address>
         <run_address>0x2e44</run_address>
         <size>0x4c</size>
         <input_file_ref idref="fl-da"/>
      </object_component>
      <object_component id="oc-1d4">
         <name>.text:I2CMStateReadNext</name>
         <load_address>0x2e90</load_address>
         <run_address>0x2e90</run_address>
         <size>0x4a</size>
         <input_file_ref idref="fl-d9"/>
      </object_component>
      <object_component id="oc-77">
         <name>.text:GPIOPinConfigure</name>
         <load_address>0x2edc</load_address>
         <run_address>0x2edc</run_address>
         <size>0x48</size>
         <input_file_ref idref="fl-cf"/>
      </object_component>
      <object_component id="oc-1f2">
         <name>.text:I2CMStateWriteNext</name>
         <load_address>0x2f24</load_address>
         <run_address>0x2f24</run_address>
         <size>0x48</size>
         <input_file_ref idref="fl-d9"/>
      </object_component>
      <object_component id="oc-163">
         <name>.text:UARTConfigSetExpClk</name>
         <load_address>0x2f6c</load_address>
         <run_address>0x2f6c</run_address>
         <size>0x46</size>
         <input_file_ref idref="fl-d3"/>
      </object_component>
      <object_component id="oc-1bc">
         <name>.text:I2CMStateCallback</name>
         <load_address>0x2fb2</load_address>
         <run_address>0x2fb2</run_address>
         <size>0x44</size>
         <input_file_ref idref="fl-d9"/>
      </object_component>
      <object_component id="oc-248">
         <name>.text:__TI_auto_init_nobinit_nopinit:__TI_auto_init_nobinit_nopinit</name>
         <load_address>0x2ff8</load_address>
         <run_address>0x2ff8</run_address>
         <size>0x44</size>
         <input_file_ref idref="fl-c9"/>
      </object_component>
      <object_component id="oc-1ce">
         <name>.text:I2CMStateReadFinal</name>
         <load_address>0x303c</load_address>
         <run_address>0x303c</run_address>
         <size>0x42</size>
         <input_file_ref idref="fl-d9"/>
      </object_component>
      <object_component id="oc-184">
         <name>.text</name>
         <load_address>0x307e</load_address>
         <run_address>0x307e</run_address>
         <size>0x40</size>
         <input_file_ref idref="fl-c1"/>
      </object_component>
      <object_component id="oc-1c8">
         <name>.text:I2CMStateReadPause</name>
         <load_address>0x30be</load_address>
         <run_address>0x30be</run_address>
         <size>0x3e</size>
         <input_file_ref idref="fl-d9"/>
      </object_component>
      <object_component id="oc-15d">
         <name>.text:SysCtlPeripheralPresent</name>
         <load_address>0x30fc</load_address>
         <run_address>0x30fc</run_address>
         <size>0x38</size>
         <input_file_ref idref="fl-d2"/>
      </object_component>
      <object_component id="oc-ad">
         <name>.text:I2CMInit</name>
         <load_address>0x3134</load_address>
         <run_address>0x3134</run_address>
         <size>0x34</size>
         <input_file_ref idref="fl-d9"/>
      </object_component>
      <object_component id="oc-71">
         <name>.text:SysCtlPeripheralEnable</name>
         <load_address>0x3168</load_address>
         <run_address>0x3168</run_address>
         <size>0x34</size>
         <input_file_ref idref="fl-d2"/>
      </object_component>
      <object_component id="oc-5c">
         <name>.text:_c_int00_noargs:_c_int00_noargs</name>
         <load_address>0x319c</load_address>
         <run_address>0x319c</run_address>
         <size>0x34</size>
         <input_file_ref idref="fl-c5"/>
      </object_component>
      <object_component id="oc-14e">
         <name>.text:GPIODirModeSet</name>
         <load_address>0x31d0</load_address>
         <run_address>0x31d0</run_address>
         <size>0x2a</size>
         <input_file_ref idref="fl-cf"/>
      </object_component>
      <object_component id="oc-1da">
         <name>.text:I2CMStateReadFirst</name>
         <load_address>0x31fa</load_address>
         <run_address>0x31fa</run_address>
         <size>0x2a</size>
         <input_file_ref idref="fl-d9"/>
      </object_component>
      <object_component id="oc-1e0">
         <name>.text:I2CMStateReadOne</name>
         <load_address>0x3224</load_address>
         <run_address>0x3224</run_address>
         <size>0x20</size>
         <input_file_ref idref="fl-d9"/>
      </object_component>
      <object_component id="oc-28a">
         <name>.text:UARTDisable</name>
         <load_address>0x3244</load_address>
         <run_address>0x3244</run_address>
         <size>0x20</size>
         <input_file_ref idref="fl-d3"/>
      </object_component>
      <object_component id="oc-4a">
         <name>.text:decompress:ZI:__TI_zero_init_nomemset:__TI_zero_init_nomemset</name>
         <load_address>0x3264</load_address>
         <run_address>0x3264</run_address>
         <size>0x1c</size>
         <input_file_ref idref="fl-c2"/>
      </object_component>
      <object_component id="oc-1c2">
         <name>.text:I2CMStateReadWait</name>
         <load_address>0x3280</load_address>
         <run_address>0x3280</run_address>
         <size>0x1a</size>
         <input_file_ref idref="fl-d9"/>
      </object_component>
      <object_component id="oc-169">
         <name>.text:UARTEnable</name>
         <load_address>0x329a</load_address>
         <run_address>0x329a</run_address>
         <size>0x14</size>
         <input_file_ref idref="fl-d3"/>
      </object_component>
      <object_component id="oc-9b">
         <name>.text:GPIOPinTypeI2C</name>
         <load_address>0x32ae</load_address>
         <run_address>0x32ae</run_address>
         <size>0x12</size>
         <input_file_ref idref="fl-cf"/>
      </object_component>
      <object_component id="oc-95">
         <name>.text:GPIOPinTypeI2CSCL</name>
         <load_address>0x32c0</load_address>
         <run_address>0x32c0</run_address>
         <size>0x12</size>
         <input_file_ref idref="fl-cf"/>
      </object_component>
      <object_component id="oc-7d">
         <name>.text:GPIOPinTypeUART</name>
         <load_address>0x32d2</load_address>
         <run_address>0x32d2</run_address>
         <size>0x12</size>
         <input_file_ref idref="fl-cf"/>
      </object_component>
      <object_component id="oc-be">
         <name>.text:_IQ16mpy</name>
         <load_address>0x32e4</load_address>
         <run_address>0x32e4</run_address>
         <size>0x10</size>
         <input_file_ref idref="fl-d7"/>
      </object_component>
      <object_component id="oc-18">
         <name>.text:decompress:none:__TI_decompress_none</name>
         <load_address>0x32f4</load_address>
         <run_address>0x32f4</run_address>
         <size>0xe</size>
         <input_file_ref idref="fl-c3"/>
      </object_component>
      <object_component id="oc-2e2">
         <name>.text:IntTrigger</name>
         <load_address>0x3304</load_address>
         <run_address>0x3304</run_address>
         <size>0xc</size>
         <input_file_ref idref="fl-d1"/>
      </object_component>
      <object_component id="oc-24">
         <name>.text</name>
         <load_address>0x3310</load_address>
         <run_address>0x3310</run_address>
         <size>0xc</size>
         <input_file_ref idref="fl-3"/>
      </object_component>
      <object_component id="oc-19a">
         <name>.text:I2CMasterEnable</name>
         <load_address>0x331c</load_address>
         <run_address>0x331c</run_address>
         <size>0xa</size>
         <input_file_ref idref="fl-d0"/>
      </object_component>
      <object_component id="oc-175">
         <name>.text:UARTCharGet</name>
         <load_address>0x3326</load_address>
         <run_address>0x3326</run_address>
         <size>0xa</size>
         <input_file_ref idref="fl-d3"/>
      </object_component>
      <object_component id="oc-16f">
         <name>.text:UARTCharPut</name>
         <load_address>0x3330</load_address>
         <run_address>0x3330</run_address>
         <size>0xa</size>
         <input_file_ref idref="fl-d3"/>
      </object_component>
      <object_component id="oc-1b0">
         <name>.text:I2CMasterIntClear</name>
         <load_address>0x333a</load_address>
         <run_address>0x333a</run_address>
         <size>0x8</size>
         <input_file_ref idref="fl-d0"/>
      </object_component>
      <object_component id="oc-1a8">
         <name>.text:I2CMasterIntEnableEx</name>
         <load_address>0x3342</load_address>
         <run_address>0x3342</run_address>
         <size>0x8</size>
         <input_file_ref idref="fl-d0"/>
      </object_component>
      <object_component id="oc-2c4">
         <name>.text:I2CMasterSlaveAddrSet</name>
         <load_address>0x334a</load_address>
         <run_address>0x334a</run_address>
         <size>0x8</size>
         <input_file_ref idref="fl-d0"/>
      </object_component>
      <object_component id="oc-c8">
         <name>.text:SysCtlDelay</name>
         <load_address>0x3352</load_address>
         <run_address>0x3352</run_address>
         <size>0x6</size>
         <input_file_ref idref="fl-d2"/>
      </object_component>
      <object_component id="oc-83">
         <name>.text:UARTClockSourceSet</name>
         <load_address>0x3358</load_address>
         <run_address>0x3358</run_address>
         <size>0x6</size>
         <input_file_ref idref="fl-d3"/>
      </object_component>
      <object_component id="oc-1b6">
         <name>.text:I2CMasterControl</name>
         <load_address>0x335e</load_address>
         <run_address>0x335e</run_address>
         <size>0x4</size>
         <input_file_ref idref="fl-d0"/>
      </object_component>
      <object_component id="oc-2ba">
         <name>.text:I2CMasterDataGet</name>
         <load_address>0x3362</load_address>
         <run_address>0x3362</run_address>
         <size>0x4</size>
         <input_file_ref idref="fl-d0"/>
      </object_component>
      <object_component id="oc-2cc">
         <name>.text:I2CMasterDataPut</name>
         <load_address>0x3366</load_address>
         <run_address>0x3366</run_address>
         <size>0x4</size>
         <input_file_ref idref="fl-d0"/>
      </object_component>
      <object_component id="oc-130">
         <name>.text:_system_pre_init</name>
         <load_address>0x336a</load_address>
         <run_address>0x336a</run_address>
         <size>0x4</size>
         <input_file_ref idref="fl-ca"/>
      </object_component>
      <object_component id="oc-23c">
         <name>.text:abort:abort</name>
         <load_address>0x336e</load_address>
         <run_address>0x336e</run_address>
         <size>0x4</size>
         <input_file_ref idref="fl-cc"/>
      </object_component>
      <object_component id="oc-149">
         <name>.const:g_pui32GPIOBaseAddrs</name>
         <load_address>0x3374</load_address>
         <run_address>0x3374</run_address>
         <size>0x90</size>
         <input_file_ref idref="fl-cf"/>
      </object_component>
      <object_component id="oc-2aa">
         <name>.const</name>
         <load_address>0x3404</load_address>
         <run_address>0x3404</run_address>
         <size>0x70</size>
         <input_file_ref idref="fl-d1"/>
      </object_component>
      <object_component id="oc-196">
         <name>.const:g_pui32Xtals</name>
         <load_address>0x3474</load_address>
         <run_address>0x3474</run_address>
         <size>0x6c</size>
         <input_file_ref idref="fl-d2"/>
      </object_component>
      <object_component id="oc-222">
         <name>.const</name>
         <load_address>0x34e0</load_address>
         <run_address>0x34e0</run_address>
         <size>0x20</size>
         <input_file_ref idref="fl-da"/>
      </object_component>
      <object_component id="oc-2a0">
         <name>.const:.string</name>
         <load_address>0x3500</load_address>
         <run_address>0x3500</run_address>
         <size>0x12</size>
         <input_file_ref idref="fl-4"/>
      </object_component>
      <object_component id="oc-181">
         <name>.const:g_ui32UARTBase</name>
         <load_address>0x3514</load_address>
         <run_address>0x3514</run_address>
         <size>0xc</size>
         <input_file_ref idref="fl-4"/>
      </object_component>
      <object_component id="oc-17b">
         <name>.const:g_ui32UARTPeriph</name>
         <load_address>0x3520</load_address>
         <run_address>0x3520</run_address>
         <size>0xc</size>
         <input_file_ref idref="fl-4"/>
      </object_component>
      <object_component id="oc-189">
         <name>.const</name>
         <load_address>0x352c</load_address>
         <run_address>0x352c</run_address>
         <size>0x4</size>
         <input_file_ref idref="fl-4"/>
      </object_component>
      <object_component id="oc-37e">
         <name>__TI_handler_table</name>
         <load_address>0x3530</load_address>
         <run_address>0x3530</run_address>
         <size>0xc</size>
      </object_component>
      <object_component id="oc-381">
         <name>.cinit..bss.load</name>
         <load_address>0x3540</load_address>
         <run_address>0x3540</run_address>
         <size>0x8</size>
      </object_component>
      <object_component id="oc-380">
         <name>.cinit..data.load</name>
         <load_address>0x3548</load_address>
         <run_address>0x3548</run_address>
         <size>0x7</size>
      </object_component>
      <object_component id="oc-37f">
         <name>__TI_cinit_table</name>
         <load_address>0x3550</load_address>
         <run_address>0x3550</run_address>
         <size>0x10</size>
      </object_component>
      <object_component id="oc-17e">
         <name>.data</name>
         <load_address>0x20000334</load_address>
         <run_address>0x20000334</run_address>
         <size>0x5</size>
         <input_file_ref idref="fl-4"/>
      </object_component>
      <object_component id="oc-e7">
         <name>.common:pitch</name>
         <uninitialized>true</uninitialized>
         <run_address>0x20000324</run_address>
         <size>0x4</size>
      </object_component>
      <object_component id="oc-c9">
         <name>.common:roll</name>
         <uninitialized>true</uninitialized>
         <run_address>0x2000032c</run_address>
         <size>0x4</size>
      </object_component>
      <object_component id="oc-cc">
         <name>.common:pitchAcc</name>
         <uninitialized>true</uninitialized>
         <run_address>0x20000328</run_address>
         <size>0x4</size>
      </object_component>
      <object_component id="oc-df">
         <name>.common:g_bMPU6050Done</name>
         <uninitialized>true</uninitialized>
         <run_address>0x20000330</run_address>
         <size>0x1</size>
      </object_component>
      <object_component id="oc-e0">
         <name>.common:g_sI2CMSimpleInst</name>
         <uninitialized>true</uninitialized>
         <run_address>0x20000200</run_address>
         <size>0x124</size>
      </object_component>
      <object_component id="oc-21">
         <name>.stack</name>
         <uninitialized>true</uninitialized>
         <run_address>0x20000000</run_address>
         <size>0x4</size>
         <input_file_ref idref="fl-c5"/>
      </object_component>
      <object_component id="oc-382">
         <name>.stack</name>
         <uninitialized>true</uninitialized>
         <run_address>0x20000000</run_address>
         <size>0x0</size>
      </object_component>
      <object_component id="oc-ca">
         <name>.debug_info</name>
         <load_address>0x0</load_address>
         <run_address>0x0</run_address>
         <size>0x9c7</size>
         <input_file_ref idref="fl-2"/>
      </object_component>
      <object_component id="oc-2b">
         <name>.debug_info</name>
         <load_address>0x9c7</load_address>
         <run_address>0x9c7</run_address>
         <size>0xa6d</size>
         <input_file_ref idref="fl-2"/>
      </object_component>
      <object_component id="oc-206">
         <name>.debug_info</name>
         <load_address>0x1434</load_address>
         <run_address>0x1434</run_address>
         <size>0x4e6</size>
         <input_file_ref idref="fl-2"/>
      </object_component>
      <object_component id="oc-104">
         <name>.debug_info</name>
         <load_address>0x191a</load_address>
         <run_address>0x191a</run_address>
         <size>0x158</size>
         <input_file_ref idref="fl-2"/>
      </object_component>
      <object_component id="oc-10b">
         <name>.debug_info</name>
         <load_address>0x1a72</load_address>
         <run_address>0x1a72</run_address>
         <size>0x26b</size>
         <input_file_ref idref="fl-2"/>
      </object_component>
      <object_component id="oc-ff">
         <name>.debug_info</name>
         <load_address>0x1cdd</load_address>
         <run_address>0x1cdd</run_address>
         <size>0x8b</size>
         <input_file_ref idref="fl-2"/>
      </object_component>
      <object_component id="oc-227">
         <name>.debug_info</name>
         <load_address>0x1d68</load_address>
         <run_address>0x1d68</run_address>
         <size>0x297</size>
         <input_file_ref idref="fl-2"/>
      </object_component>
      <object_component id="oc-f5">
         <name>.debug_info</name>
         <load_address>0x1fff</load_address>
         <run_address>0x1fff</run_address>
         <size>0xef</size>
         <input_file_ref idref="fl-2"/>
      </object_component>
      <object_component id="oc-110">
         <name>.debug_info</name>
         <load_address>0x20ee</load_address>
         <run_address>0x20ee</run_address>
         <size>0xbb</size>
         <input_file_ref idref="fl-2"/>
      </object_component>
      <object_component id="oc-fa">
         <name>.debug_info</name>
         <load_address>0x21a9</load_address>
         <run_address>0x21a9</run_address>
         <size>0x1b2</size>
         <input_file_ref idref="fl-2"/>
      </object_component>
      <object_component id="oc-18e">
         <name>.debug_info</name>
         <load_address>0x235b</load_address>
         <run_address>0x235b</run_address>
         <size>0x2c</size>
         <input_file_ref idref="fl-2"/>
      </object_component>
      <object_component id="oc-32">
         <name>.debug_info</name>
         <load_address>0x2387</load_address>
         <run_address>0x2387</run_address>
         <size>0x2d9</size>
         <input_file_ref idref="fl-3"/>
      </object_component>
      <object_component id="oc-10">
         <name>.debug_info</name>
         <load_address>0x2660</load_address>
         <run_address>0x2660</run_address>
         <size>0xe8</size>
         <input_file_ref idref="fl-3"/>
      </object_component>
      <object_component id="oc-25">
         <name>.debug_info</name>
         <load_address>0x2748</load_address>
         <run_address>0x2748</run_address>
         <size>0x264</size>
         <input_file_ref idref="fl-3"/>
      </object_component>
      <object_component id="oc-39">
         <name>.debug_info</name>
         <load_address>0x29ac</load_address>
         <run_address>0x29ac</run_address>
         <size>0x84</size>
         <input_file_ref idref="fl-3"/>
      </object_component>
      <object_component id="oc-18d">
         <name>.debug_info</name>
         <load_address>0x2a30</load_address>
         <run_address>0x2a30</run_address>
         <size>0x3dd</size>
         <input_file_ref idref="fl-4"/>
      </object_component>
      <object_component id="oc-17f">
         <name>.debug_info</name>
         <load_address>0x2e0d</load_address>
         <run_address>0x2e0d</run_address>
         <size>0xd4</size>
         <input_file_ref idref="fl-4"/>
      </object_component>
      <object_component id="oc-18a">
         <name>.debug_info</name>
         <load_address>0x2ee1</load_address>
         <run_address>0x2ee1</run_address>
         <size>0xce</size>
         <input_file_ref idref="fl-4"/>
      </object_component>
      <object_component id="oc-182">
         <name>.debug_info</name>
         <load_address>0x2faf</load_address>
         <run_address>0x2faf</run_address>
         <size>0xdc</size>
         <input_file_ref idref="fl-4"/>
      </object_component>
      <object_component id="oc-17c">
         <name>.debug_info</name>
         <load_address>0x308b</load_address>
         <run_address>0x308b</run_address>
         <size>0xe0</size>
         <input_file_ref idref="fl-4"/>
      </object_component>
      <object_component id="oc-8c">
         <name>.debug_info</name>
         <load_address>0x316b</load_address>
         <run_address>0x316b</run_address>
         <size>0x77d</size>
         <input_file_ref idref="fl-4"/>
      </object_component>
      <object_component id="oc-187">
         <name>.debug_info</name>
         <load_address>0x38e8</load_address>
         <run_address>0x38e8</run_address>
         <size>0x143</size>
         <input_file_ref idref="fl-c1"/>
      </object_component>
      <object_component id="oc-129">
         <name>.debug_info</name>
         <load_address>0x3a2b</load_address>
         <run_address>0x3a2b</run_address>
         <size>0x2d5</size>
         <input_file_ref idref="fl-c2"/>
      </object_component>
      <object_component id="oc-4b">
         <name>.debug_info</name>
         <load_address>0x3d00</load_address>
         <run_address>0x3d00</run_address>
         <size>0x1d3</size>
         <input_file_ref idref="fl-c2"/>
      </object_component>
      <object_component id="oc-124">
         <name>.debug_info</name>
         <load_address>0x3ed3</load_address>
         <run_address>0x3ed3</run_address>
         <size>0x46</size>
         <input_file_ref idref="fl-c2"/>
      </object_component>
      <object_component id="oc-233">
         <name>.debug_info</name>
         <load_address>0x3f19</load_address>
         <run_address>0x3f19</run_address>
         <size>0x2c</size>
         <input_file_ref idref="fl-c2"/>
      </object_component>
      <object_component id="oc-49">
         <name>.debug_info</name>
         <load_address>0x3f45</load_address>
         <run_address>0x3f45</run_address>
         <size>0x2a9</size>
         <input_file_ref idref="fl-c3"/>
      </object_component>
      <object_component id="oc-1a">
         <name>.debug_info</name>
         <load_address>0x41ee</load_address>
         <run_address>0x41ee</run_address>
         <size>0x1eb</size>
         <input_file_ref idref="fl-c3"/>
      </object_component>
      <object_component id="oc-44">
         <name>.debug_info</name>
         <load_address>0x43d9</load_address>
         <run_address>0x43d9</run_address>
         <size>0x46</size>
         <input_file_ref idref="fl-c3"/>
      </object_component>
      <object_component id="oc-11c">
         <name>.debug_info</name>
         <load_address>0x441f</load_address>
         <run_address>0x441f</run_address>
         <size>0x2c</size>
         <input_file_ref idref="fl-c3"/>
      </object_component>
      <object_component id="oc-11a">
         <name>.debug_info</name>
         <load_address>0x444b</load_address>
         <run_address>0x444b</run_address>
         <size>0x29f</size>
         <input_file_ref idref="fl-c4"/>
      </object_component>
      <object_component id="oc-14">
         <name>.debug_info</name>
         <load_address>0x46ea</load_address>
         <run_address>0x46ea</run_address>
         <size>0x251</size>
         <input_file_ref idref="fl-c4"/>
      </object_component>
      <object_component id="oc-34">
         <name>.debug_info</name>
         <load_address>0x493b</load_address>
         <run_address>0x493b</run_address>
         <size>0x60</size>
         <input_file_ref idref="fl-c4"/>
      </object_component>
      <object_component id="oc-22c">
         <name>.debug_info</name>
         <load_address>0x499b</load_address>
         <run_address>0x499b</run_address>
         <size>0x46</size>
         <input_file_ref idref="fl-c4"/>
      </object_component>
      <object_component id="oc-115">
         <name>.debug_info</name>
         <load_address>0x49e1</load_address>
         <run_address>0x49e1</run_address>
         <size>0x39</size>
         <input_file_ref idref="fl-c4"/>
      </object_component>
      <object_component id="oc-22">
         <name>.debug_info</name>
         <load_address>0x4a1a</load_address>
         <run_address>0x4a1a</run_address>
         <size>0x10c</size>
         <input_file_ref idref="fl-c5"/>
      </object_component>
      <object_component id="oc-5e">
         <name>.debug_info</name>
         <load_address>0x4b26</load_address>
         <run_address>0x4b26</run_address>
         <size>0x1aa</size>
         <input_file_ref idref="fl-c5"/>
      </object_component>
      <object_component id="oc-29d">
         <name>.debug_info</name>
         <load_address>0x4cd0</load_address>
         <run_address>0x4cd0</run_address>
         <size>0x116</size>
         <input_file_ref idref="fl-c6"/>
      </object_component>
      <object_component id="oc-3f">
         <name>.debug_info</name>
         <load_address>0x4de6</load_address>
         <run_address>0x4de6</run_address>
         <size>0x11a</size>
         <input_file_ref idref="fl-c8"/>
      </object_component>
      <object_component id="oc-305">
         <name>.debug_info</name>
         <load_address>0x4f00</load_address>
         <run_address>0x4f00</run_address>
         <size>0x4b4</size>
         <input_file_ref idref="fl-c9"/>
      </object_component>
      <object_component id="oc-24b">
         <name>.debug_info</name>
         <load_address>0x53b4</load_address>
         <run_address>0x53b4</run_address>
         <size>0x1a7</size>
         <input_file_ref idref="fl-c9"/>
      </object_component>
      <object_component id="oc-337">
         <name>.debug_info</name>
         <load_address>0x555b</load_address>
         <run_address>0x555b</run_address>
         <size>0x39</size>
         <input_file_ref idref="fl-c9"/>
      </object_component>
      <object_component id="oc-34b">
         <name>.debug_info</name>
         <load_address>0x5594</load_address>
         <run_address>0x5594</run_address>
         <size>0x39</size>
         <input_file_ref idref="fl-c9"/>
      </object_component>
      <object_component id="oc-33c">
         <name>.debug_info</name>
         <load_address>0x55cd</load_address>
         <run_address>0x55cd</run_address>
         <size>0x39</size>
         <input_file_ref idref="fl-c9"/>
      </object_component>
      <object_component id="oc-341">
         <name>.debug_info</name>
         <load_address>0x5606</load_address>
         <run_address>0x5606</run_address>
         <size>0xcd</size>
         <input_file_ref idref="fl-c9"/>
      </object_component>
      <object_component id="oc-131">
         <name>.debug_info</name>
         <load_address>0x56d3</load_address>
         <run_address>0x56d3</run_address>
         <size>0x154</size>
         <input_file_ref idref="fl-ca"/>
      </object_component>
      <object_component id="oc-23d">
         <name>.debug_info</name>
         <load_address>0x5827</load_address>
         <run_address>0x5827</run_address>
         <size>0x123</size>
         <input_file_ref idref="fl-cc"/>
      </object_component>
      <object_component id="oc-14d">
         <name>.debug_info</name>
         <load_address>0x594a</load_address>
         <run_address>0x594a</run_address>
         <size>0x240</size>
         <input_file_ref idref="fl-cf"/>
      </object_component>
      <object_component id="oc-14a">
         <name>.debug_info</name>
         <load_address>0x5b8a</load_address>
         <run_address>0x5b8a</run_address>
         <size>0x15b</size>
         <input_file_ref idref="fl-cf"/>
      </object_component>
      <object_component id="oc-14f">
         <name>.debug_info</name>
         <load_address>0x5ce5</load_address>
         <run_address>0x5ce5</run_address>
         <size>0x2b3</size>
         <input_file_ref idref="fl-cf"/>
      </object_component>
      <object_component id="oc-155">
         <name>.debug_info</name>
         <load_address>0x5f98</load_address>
         <run_address>0x5f98</run_address>
         <size>0x316</size>
         <input_file_ref idref="fl-cf"/>
      </object_component>
      <object_component id="oc-7e">
         <name>.debug_info</name>
         <load_address>0x62ae</load_address>
         <run_address>0x62ae</run_address>
         <size>0x27b</size>
         <input_file_ref idref="fl-cf"/>
      </object_component>
      <object_component id="oc-96">
         <name>.debug_info</name>
         <load_address>0x6529</load_address>
         <run_address>0x6529</run_address>
         <size>0x27f</size>
         <input_file_ref idref="fl-cf"/>
      </object_component>
      <object_component id="oc-9c">
         <name>.debug_info</name>
         <load_address>0x67a8</load_address>
         <run_address>0x67a8</run_address>
         <size>0x279</size>
         <input_file_ref idref="fl-cf"/>
      </object_component>
      <object_component id="oc-78">
         <name>.debug_info</name>
         <load_address>0x6a21</load_address>
         <run_address>0x6a21</run_address>
         <size>0x280</size>
         <input_file_ref idref="fl-cf"/>
      </object_component>
      <object_component id="oc-143">
         <name>.debug_info</name>
         <load_address>0x6ca1</load_address>
         <run_address>0x6ca1</run_address>
         <size>0x18b</size>
         <input_file_ref idref="fl-cf"/>
      </object_component>
      <object_component id="oc-1a1">
         <name>.debug_info</name>
         <load_address>0x6e2c</load_address>
         <run_address>0x6e2c</run_address>
         <size>0x231</size>
         <input_file_ref idref="fl-d0"/>
      </object_component>
      <object_component id="oc-2c5">
         <name>.debug_info</name>
         <load_address>0x705d</load_address>
         <run_address>0x705d</run_address>
         <size>0x2ce</size>
         <input_file_ref idref="fl-d0"/>
      </object_component>
      <object_component id="oc-1a9">
         <name>.debug_info</name>
         <load_address>0x732b</load_address>
         <run_address>0x732b</run_address>
         <size>0x29a</size>
         <input_file_ref idref="fl-d0"/>
      </object_component>
      <object_component id="oc-1b1">
         <name>.debug_info</name>
         <load_address>0x75c5</load_address>
         <run_address>0x75c5</run_address>
         <size>0x252</size>
         <input_file_ref idref="fl-d0"/>
      </object_component>
      <object_component id="oc-19b">
         <name>.debug_info</name>
         <load_address>0x7817</load_address>
         <run_address>0x7817</run_address>
         <size>0x24e</size>
         <input_file_ref idref="fl-d0"/>
      </object_component>
      <object_component id="oc-a8">
         <name>.debug_info</name>
         <load_address>0x7a65</load_address>
         <run_address>0x7a65</run_address>
         <size>0x2d5</size>
         <input_file_ref idref="fl-d0"/>
      </object_component>
      <object_component id="oc-2cd">
         <name>.debug_info</name>
         <load_address>0x7d3a</load_address>
         <run_address>0x7d3a</run_address>
         <size>0x27e</size>
         <input_file_ref idref="fl-d0"/>
      </object_component>
      <object_component id="oc-2bb">
         <name>.debug_info</name>
         <load_address>0x7fb8</load_address>
         <run_address>0x7fb8</run_address>
         <size>0x254</size>
         <input_file_ref idref="fl-d0"/>
      </object_component>
      <object_component id="oc-1b7">
         <name>.debug_info</name>
         <load_address>0x820c</load_address>
         <run_address>0x820c</run_address>
         <size>0x27e</size>
         <input_file_ref idref="fl-d0"/>
      </object_component>
      <object_component id="oc-2ae">
         <name>.debug_info</name>
         <load_address>0x848a</load_address>
         <run_address>0x848a</run_address>
         <size>0x20e</size>
         <input_file_ref idref="fl-d1"/>
      </object_component>
      <object_component id="oc-2ab">
         <name>.debug_info</name>
         <load_address>0x8698</load_address>
         <run_address>0x8698</run_address>
         <size>0x210</size>
         <input_file_ref idref="fl-d1"/>
      </object_component>
      <object_component id="oc-2e3">
         <name>.debug_info</name>
         <load_address>0x88a8</load_address>
         <run_address>0x88a8</run_address>
         <size>0x26a</size>
         <input_file_ref idref="fl-d1"/>
      </object_component>
      <object_component id="oc-2d7">
         <name>.debug_info</name>
         <load_address>0x8b12</load_address>
         <run_address>0x8b12</run_address>
         <size>0x2a1</size>
         <input_file_ref idref="fl-d1"/>
      </object_component>
      <object_component id="oc-1a3">
         <name>.debug_info</name>
         <load_address>0x8db3</load_address>
         <run_address>0x8db3</run_address>
         <size>0x268</size>
         <input_file_ref idref="fl-d1"/>
      </object_component>
      <object_component id="oc-2dd">
         <name>.debug_info</name>
         <load_address>0x901b</load_address>
         <run_address>0x901b</run_address>
         <size>0x26a</size>
         <input_file_ref idref="fl-d1"/>
      </object_component>
      <object_component id="oc-148">
         <name>.debug_info</name>
         <load_address>0x9285</load_address>
         <run_address>0x9285</run_address>
         <size>0x298</size>
         <input_file_ref idref="fl-d2"/>
      </object_component>
      <object_component id="oc-197">
         <name>.debug_info</name>
         <load_address>0x951d</load_address>
         <run_address>0x951d</run_address>
         <size>0x14d</size>
         <input_file_ref idref="fl-d2"/>
      </object_component>
      <object_component id="oc-90">
         <name>.debug_info</name>
         <load_address>0x966a</load_address>
         <run_address>0x966a</run_address>
         <size>0x295</size>
         <input_file_ref idref="fl-d2"/>
      </object_component>
      <object_component id="oc-15e">
         <name>.debug_info</name>
         <load_address>0x98ff</load_address>
         <run_address>0x98ff</run_address>
         <size>0x283</size>
         <input_file_ref idref="fl-d2"/>
      </object_component>
      <object_component id="oc-72">
         <name>.debug_info</name>
         <load_address>0x9b82</load_address>
         <run_address>0x9b82</run_address>
         <size>0x27d</size>
         <input_file_ref idref="fl-d2"/>
      </object_component>
      <object_component id="oc-ce">
         <name>.debug_info</name>
         <load_address>0x9dff</load_address>
         <run_address>0x9dff</run_address>
         <size>0x2db</size>
         <input_file_ref idref="fl-d2"/>
      </object_component>
      <object_component id="oc-a2">
         <name>.debug_info</name>
         <load_address>0xa0da</load_address>
         <run_address>0xa0da</run_address>
         <size>0x2b5</size>
         <input_file_ref idref="fl-d2"/>
      </object_component>
      <object_component id="oc-27c">
         <name>.debug_info</name>
         <load_address>0xa38f</load_address>
         <run_address>0xa38f</run_address>
         <size>0x5f</size>
         <input_file_ref idref="fl-d2"/>
      </object_component>
      <object_component id="oc-15c">
         <name>.debug_info</name>
         <load_address>0xa3ee</load_address>
         <run_address>0xa3ee</run_address>
         <size>0x227</size>
         <input_file_ref idref="fl-d3"/>
      </object_component>
      <object_component id="oc-16b">
         <name>.debug_info</name>
         <load_address>0xa615</load_address>
         <run_address>0xa615</run_address>
         <size>0x247</size>
         <input_file_ref idref="fl-d3"/>
      </object_component>
      <object_component id="oc-28c">
         <name>.debug_info</name>
         <load_address>0xa85c</load_address>
         <run_address>0xa85c</run_address>
         <size>0x249</size>
         <input_file_ref idref="fl-d3"/>
      </object_component>
      <object_component id="oc-165">
         <name>.debug_info</name>
         <load_address>0xaaa5</load_address>
         <run_address>0xaaa5</run_address>
         <size>0x326</size>
         <input_file_ref idref="fl-d3"/>
      </object_component>
      <object_component id="oc-85">
         <name>.debug_info</name>
         <load_address>0xadcb</load_address>
         <run_address>0xadcb</run_address>
         <size>0x291</size>
         <input_file_ref idref="fl-d3"/>
      </object_component>
      <object_component id="oc-171">
         <name>.debug_info</name>
         <load_address>0xb05c</load_address>
         <run_address>0xb05c</run_address>
         <size>0x273</size>
         <input_file_ref idref="fl-d3"/>
      </object_component>
      <object_component id="oc-177">
         <name>.debug_info</name>
         <load_address>0xb2cf</load_address>
         <run_address>0xb2cf</run_address>
         <size>0x24d</size>
         <input_file_ref idref="fl-d3"/>
      </object_component>
      <object_component id="oc-c6">
         <name>.debug_info</name>
         <load_address>0xb51c</load_address>
         <run_address>0xb51c</run_address>
         <size>0x1c0</size>
         <input_file_ref idref="fl-d5"/>
      </object_component>
      <object_component id="oc-ba">
         <name>.debug_info</name>
         <load_address>0xb6dc</load_address>
         <run_address>0xb6dc</run_address>
         <size>0x1bf</size>
         <input_file_ref idref="fl-d6"/>
      </object_component>
      <object_component id="oc-c0">
         <name>.debug_info</name>
         <load_address>0xb89b</load_address>
         <run_address>0xb89b</run_address>
         <size>0x1b1</size>
         <input_file_ref idref="fl-d7"/>
      </object_component>
      <object_component id="oc-1af">
         <name>.debug_info</name>
         <load_address>0xba4c</load_address>
         <run_address>0xba4c</run_address>
         <size>0x44b</size>
         <input_file_ref idref="fl-d9"/>
      </object_component>
      <object_component id="oc-20e">
         <name>.debug_info</name>
         <load_address>0xbe97</load_address>
         <run_address>0xbe97</run_address>
         <size>0x484</size>
         <input_file_ref idref="fl-d9"/>
      </object_component>
      <object_component id="oc-2f4">
         <name>.debug_info</name>
         <load_address>0xc31b</load_address>
         <run_address>0xc31b</run_address>
         <size>0x2f2</size>
         <input_file_ref idref="fl-d9"/>
      </object_component>
      <object_component id="oc-21c">
         <name>.debug_info</name>
         <load_address>0xc60d</load_address>
         <run_address>0xc60d</run_address>
         <size>0x3a4</size>
         <input_file_ref idref="fl-d9"/>
      </object_component>
      <object_component id="oc-1be">
         <name>.debug_info</name>
         <load_address>0xc9b1</load_address>
         <run_address>0xc9b1</run_address>
         <size>0x32c</size>
         <input_file_ref idref="fl-d9"/>
      </object_component>
      <object_component id="oc-1c4">
         <name>.debug_info</name>
         <load_address>0xccdd</load_address>
         <run_address>0xccdd</run_address>
         <size>0x2a1</size>
         <input_file_ref idref="fl-d9"/>
      </object_component>
      <object_component id="oc-1ca">
         <name>.debug_info</name>
         <load_address>0xcf7e</load_address>
         <run_address>0xcf7e</run_address>
         <size>0x2ba</size>
         <input_file_ref idref="fl-d9"/>
      </object_component>
      <object_component id="oc-1d0">
         <name>.debug_info</name>
         <load_address>0xd238</load_address>
         <run_address>0xd238</run_address>
         <size>0x2c7</size>
         <input_file_ref idref="fl-d9"/>
      </object_component>
      <object_component id="oc-1d6">
         <name>.debug_info</name>
         <load_address>0xd4ff</load_address>
         <run_address>0xd4ff</run_address>
         <size>0x2c5</size>
         <input_file_ref idref="fl-d9"/>
      </object_component>
      <object_component id="oc-1dc">
         <name>.debug_info</name>
         <load_address>0xd7c4</load_address>
         <run_address>0xd7c4</run_address>
         <size>0x2bf</size>
         <input_file_ref idref="fl-d9"/>
      </object_component>
      <object_component id="oc-1e2">
         <name>.debug_info</name>
         <load_address>0xda83</load_address>
         <run_address>0xda83</run_address>
         <size>0x2bb</size>
         <input_file_ref idref="fl-d9"/>
      </object_component>
      <object_component id="oc-1e8">
         <name>.debug_info</name>
         <load_address>0xdd3e</load_address>
         <run_address>0xdd3e</run_address>
         <size>0x2ea</size>
         <input_file_ref idref="fl-d9"/>
      </object_component>
      <object_component id="oc-1ee">
         <name>.debug_info</name>
         <load_address>0xe028</load_address>
         <run_address>0xe028</run_address>
         <size>0x2e0</size>
         <input_file_ref idref="fl-d9"/>
      </object_component>
      <object_component id="oc-1f4">
         <name>.debug_info</name>
         <load_address>0xe308</load_address>
         <run_address>0xe308</run_address>
         <size>0x2c7</size>
         <input_file_ref idref="fl-d9"/>
      </object_component>
      <object_component id="oc-1fa">
         <name>.debug_info</name>
         <load_address>0xe5cf</load_address>
         <run_address>0xe5cf</run_address>
         <size>0x32d</size>
         <input_file_ref idref="fl-d9"/>
      </object_component>
      <object_component id="oc-b5">
         <name>.debug_info</name>
         <load_address>0xe8fc</load_address>
         <run_address>0xe8fc</run_address>
         <size>0x3f3</size>
         <input_file_ref idref="fl-d9"/>
      </object_component>
      <object_component id="oc-af">
         <name>.debug_info</name>
         <load_address>0xecef</load_address>
         <run_address>0xecef</run_address>
         <size>0x350</size>
         <input_file_ref idref="fl-d9"/>
      </object_component>
      <object_component id="oc-2b2">
         <name>.debug_info</name>
         <load_address>0xf03f</load_address>
         <run_address>0xf03f</run_address>
         <size>0x4e6</size>
         <input_file_ref idref="fl-d9"/>
      </object_component>
      <object_component id="oc-219">
         <name>.debug_info</name>
         <load_address>0xf525</load_address>
         <run_address>0xf525</run_address>
         <size>0x374</size>
         <input_file_ref idref="fl-da"/>
      </object_component>
      <object_component id="oc-223">
         <name>.debug_info</name>
         <load_address>0xf899</load_address>
         <run_address>0xf899</run_address>
         <size>0x19c</size>
         <input_file_ref idref="fl-da"/>
      </object_component>
      <object_component id="oc-da">
         <name>.debug_info</name>
         <load_address>0xfa35</load_address>
         <run_address>0xfa35</run_address>
         <size>0x34f</size>
         <input_file_ref idref="fl-da"/>
      </object_component>
      <object_component id="oc-d4">
         <name>.debug_info</name>
         <load_address>0xfd84</load_address>
         <run_address>0xfd84</run_address>
         <size>0x334</size>
         <input_file_ref idref="fl-da"/>
      </object_component>
      <object_component id="oc-e4">
         <name>.debug_info</name>
         <load_address>0x100b8</load_address>
         <run_address>0x100b8</run_address>
         <size>0x2f0</size>
         <input_file_ref idref="fl-da"/>
      </object_component>
      <object_component id="oc-f0">
         <name>.debug_info</name>
         <load_address>0x103a8</load_address>
         <run_address>0x103a8</run_address>
         <size>0x304</size>
         <input_file_ref idref="fl-da"/>
      </object_component>
      <object_component id="oc-ea">
         <name>.debug_info</name>
         <load_address>0x106ac</load_address>
         <run_address>0x106ac</run_address>
         <size>0x312</size>
         <input_file_ref idref="fl-da"/>
      </object_component>
      <object_component id="oc-214">
         <name>.debug_info</name>
         <load_address>0x109be</load_address>
         <run_address>0x109be</run_address>
         <size>0x2c0</size>
         <input_file_ref idref="fl-da"/>
      </object_component>
      <object_component id="oc-2ec">
         <name>.debug_info</name>
         <load_address>0x10c7e</load_address>
         <run_address>0x10c7e</run_address>
         <size>0x158</size>
         <input_file_ref idref="fl-da"/>
      </object_component>
      <object_component id="oc-383">
         <name>.debug_info</name>
         <load_address>0x10dd6</load_address>
         <run_address>0x10dd6</run_address>
         <size>0x9b</size>
      </object_component>
      <object_component id="oc-205">
         <name>.debug_line</name>
         <load_address>0x0</load_address>
         <run_address>0x0</run_address>
         <size>0x1e8</size>
         <input_file_ref idref="fl-2"/>
      </object_component>
      <object_component id="oc-2e">
         <name>.debug_line</name>
         <load_address>0x1e8</load_address>
         <run_address>0x1e8</run_address>
         <size>0x1bf</size>
         <input_file_ref idref="fl-2"/>
      </object_component>
      <object_component id="oc-209">
         <name>.debug_line</name>
         <load_address>0x3a7</load_address>
         <run_address>0x3a7</run_address>
         <size>0x5a</size>
         <input_file_ref idref="fl-2"/>
      </object_component>
      <object_component id="oc-107">
         <name>.debug_line</name>
         <load_address>0x401</load_address>
         <run_address>0x401</run_address>
         <size>0x59</size>
         <input_file_ref idref="fl-2"/>
      </object_component>
      <object_component id="oc-10e">
         <name>.debug_line</name>
         <load_address>0x45a</load_address>
         <run_address>0x45a</run_address>
         <size>0x6f</size>
         <input_file_ref idref="fl-2"/>
      </object_component>
      <object_component id="oc-102">
         <name>.debug_line</name>
         <load_address>0x4c9</load_address>
         <run_address>0x4c9</run_address>
         <size>0x20</size>
         <input_file_ref idref="fl-2"/>
      </object_component>
      <object_component id="oc-22a">
         <name>.debug_line</name>
         <load_address>0x4e9</load_address>
         <run_address>0x4e9</run_address>
         <size>0x73</size>
         <input_file_ref idref="fl-2"/>
      </object_component>
      <object_component id="oc-f8">
         <name>.debug_line</name>
         <load_address>0x55c</load_address>
         <run_address>0x55c</run_address>
         <size>0x6f</size>
         <input_file_ref idref="fl-2"/>
      </object_component>
      <object_component id="oc-113">
         <name>.debug_line</name>
         <load_address>0x5cb</load_address>
         <run_address>0x5cb</run_address>
         <size>0x70</size>
         <input_file_ref idref="fl-2"/>
      </object_component>
      <object_component id="oc-fd">
         <name>.debug_line</name>
         <load_address>0x63b</load_address>
         <run_address>0x63b</run_address>
         <size>0x58</size>
         <input_file_ref idref="fl-2"/>
      </object_component>
      <object_component id="oc-191">
         <name>.debug_line</name>
         <load_address>0x693</load_address>
         <run_address>0x693</run_address>
         <size>0x6b</size>
         <input_file_ref idref="fl-2"/>
      </object_component>
      <object_component id="oc-10a">
         <name>.debug_line</name>
         <load_address>0x6fe</load_address>
         <run_address>0x6fe</run_address>
         <size>0x41</size>
         <input_file_ref idref="fl-3"/>
      </object_component>
      <object_component id="oc-31">
         <name>.debug_line</name>
         <load_address>0x73f</load_address>
         <run_address>0x73f</run_address>
         <size>0x41</size>
         <input_file_ref idref="fl-3"/>
      </object_component>
      <object_component id="oc-29">
         <name>.debug_line</name>
         <load_address>0x780</load_address>
         <run_address>0x780</run_address>
         <size>0xa1</size>
         <input_file_ref idref="fl-3"/>
      </object_component>
      <object_component id="oc-3c">
         <name>.debug_line</name>
         <load_address>0x821</load_address>
         <run_address>0x821</run_address>
         <size>0x20</size>
         <input_file_ref idref="fl-3"/>
      </object_component>
      <object_component id="oc-2a4">
         <name>.debug_line</name>
         <load_address>0x841</load_address>
         <run_address>0x841</run_address>
         <size>0x8e</size>
         <input_file_ref idref="fl-4"/>
      </object_component>
      <object_component id="oc-297">
         <name>.debug_line</name>
         <load_address>0x8cf</load_address>
         <run_address>0x8cf</run_address>
         <size>0x32</size>
         <input_file_ref idref="fl-4"/>
      </object_component>
      <object_component id="oc-2a2">
         <name>.debug_line</name>
         <load_address>0x901</load_address>
         <run_address>0x901</run_address>
         <size>0x32</size>
         <input_file_ref idref="fl-4"/>
      </object_component>
      <object_component id="oc-299">
         <name>.debug_line</name>
         <load_address>0x933</load_address>
         <run_address>0x933</run_address>
         <size>0x32</size>
         <input_file_ref idref="fl-4"/>
      </object_component>
      <object_component id="oc-295">
         <name>.debug_line</name>
         <load_address>0x965</load_address>
         <run_address>0x965</run_address>
         <size>0x32</size>
         <input_file_ref idref="fl-4"/>
      </object_component>
      <object_component id="oc-8a">
         <name>.debug_line</name>
         <load_address>0x997</load_address>
         <run_address>0x997</run_address>
         <size>0x283</size>
         <input_file_ref idref="fl-4"/>
      </object_component>
      <object_component id="oc-185">
         <name>.debug_line</name>
         <load_address>0xc1a</load_address>
         <run_address>0xc1a</run_address>
         <size>0x5b</size>
         <input_file_ref idref="fl-c1"/>
      </object_component>
      <object_component id="oc-239">
         <name>.debug_line</name>
         <load_address>0xc75</load_address>
         <run_address>0xc75</run_address>
         <size>0x92</size>
         <input_file_ref idref="fl-c2"/>
      </object_component>
      <object_component id="oc-4e">
         <name>.debug_line</name>
         <load_address>0xd07</load_address>
         <run_address>0xd07</run_address>
         <size>0x56</size>
         <input_file_ref idref="fl-c2"/>
      </object_component>
      <object_component id="oc-127">
         <name>.debug_line</name>
         <load_address>0xd5d</load_address>
         <run_address>0xd5d</run_address>
         <size>0x34</size>
         <input_file_ref idref="fl-c2"/>
      </object_component>
      <object_component id="oc-236">
         <name>.debug_line</name>
         <load_address>0xd91</load_address>
         <run_address>0xd91</run_address>
         <size>0x92</size>
         <input_file_ref idref="fl-c2"/>
      </object_component>
      <object_component id="oc-122">
         <name>.debug_line</name>
         <load_address>0xe23</load_address>
         <run_address>0xe23</run_address>
         <size>0x20</size>
         <input_file_ref idref="fl-c3"/>
      </object_component>
      <object_component id="oc-1c">
         <name>.debug_line</name>
         <load_address>0xe43</load_address>
         <run_address>0xe43</run_address>
         <size>0x55</size>
         <input_file_ref idref="fl-c3"/>
      </object_component>
      <object_component id="oc-47">
         <name>.debug_line</name>
         <load_address>0xe98</load_address>
         <run_address>0xe98</run_address>
         <size>0x3a</size>
         <input_file_ref idref="fl-c3"/>
      </object_component>
      <object_component id="oc-11f">
         <name>.debug_line</name>
         <load_address>0xed2</load_address>
         <run_address>0xed2</run_address>
         <size>0x92</size>
         <input_file_ref idref="fl-c3"/>
      </object_component>
      <object_component id="oc-232">
         <name>.debug_line</name>
         <load_address>0xf64</load_address>
         <run_address>0xf64</run_address>
         <size>0x20</size>
         <input_file_ref idref="fl-c4"/>
      </object_component>
      <object_component id="oc-13">
         <name>.debug_line</name>
         <load_address>0xf84</load_address>
         <run_address>0xf84</run_address>
         <size>0xa9</size>
         <input_file_ref idref="fl-c4"/>
      </object_component>
      <object_component id="oc-37">
         <name>.debug_line</name>
         <load_address>0x102d</load_address>
         <run_address>0x102d</run_address>
         <size>0x3a</size>
         <input_file_ref idref="fl-c4"/>
      </object_component>
      <object_component id="oc-22f">
         <name>.debug_line</name>
         <load_address>0x1067</load_address>
         <run_address>0x1067</run_address>
         <size>0x9a</size>
         <input_file_ref idref="fl-c4"/>
      </object_component>
      <object_component id="oc-118">
         <name>.debug_line</name>
         <load_address>0x1101</load_address>
         <run_address>0x1101</run_address>
         <size>0x96</size>
         <input_file_ref idref="fl-c4"/>
      </object_component>
      <object_component id="oc-6f">
         <name>.debug_line</name>
         <load_address>0x1197</load_address>
         <run_address>0x1197</run_address>
         <size>0x33</size>
         <input_file_ref idref="fl-c5"/>
      </object_component>
      <object_component id="oc-5d">
         <name>.debug_line</name>
         <load_address>0x11ca</load_address>
         <run_address>0x11ca</run_address>
         <size>0x45</size>
         <input_file_ref idref="fl-c5"/>
      </object_component>
      <object_component id="oc-29b">
         <name>.debug_line</name>
         <load_address>0x120f</load_address>
         <run_address>0x120f</run_address>
         <size>0x37</size>
         <input_file_ref idref="fl-c6"/>
      </object_component>
      <object_component id="oc-42">
         <name>.debug_line</name>
         <load_address>0x1246</load_address>
         <run_address>0x1246</run_address>
         <size>0x88</size>
         <input_file_ref idref="fl-c8"/>
      </object_component>
      <object_component id="oc-336">
         <name>.debug_line</name>
         <load_address>0x12ce</load_address>
         <run_address>0x12ce</run_address>
         <size>0xbf</size>
         <input_file_ref idref="fl-c9"/>
      </object_component>
      <object_component id="oc-249">
         <name>.debug_line</name>
         <load_address>0x138d</load_address>
         <run_address>0x138d</run_address>
         <size>0x6f</size>
         <input_file_ref idref="fl-c9"/>
      </object_component>
      <object_component id="oc-33a">
         <name>.debug_line</name>
         <load_address>0x13fc</load_address>
         <run_address>0x13fc</run_address>
         <size>0x2e</size>
         <input_file_ref idref="fl-c9"/>
      </object_component>
      <object_component id="oc-34e">
         <name>.debug_line</name>
         <load_address>0x142a</load_address>
         <run_address>0x142a</run_address>
         <size>0x9a</size>
         <input_file_ref idref="fl-c9"/>
      </object_component>
      <object_component id="oc-33f">
         <name>.debug_line</name>
         <load_address>0x14c4</load_address>
         <run_address>0x14c4</run_address>
         <size>0x97</size>
         <input_file_ref idref="fl-c9"/>
      </object_component>
      <object_component id="oc-344">
         <name>.debug_line</name>
         <load_address>0x155b</load_address>
         <run_address>0x155b</run_address>
         <size>0x93</size>
         <input_file_ref idref="fl-c9"/>
      </object_component>
      <object_component id="oc-134">
         <name>.debug_line</name>
         <load_address>0x15ee</load_address>
         <run_address>0x15ee</run_address>
         <size>0x40</size>
         <input_file_ref idref="fl-ca"/>
      </object_component>
      <object_component id="oc-240">
         <name>.debug_line</name>
         <load_address>0x162e</load_address>
         <run_address>0x162e</run_address>
         <size>0x3c</size>
         <input_file_ref idref="fl-cc"/>
      </object_component>
      <object_component id="oc-284">
         <name>.debug_line</name>
         <load_address>0x166a</load_address>
         <run_address>0x166a</run_address>
         <size>0x82</size>
         <input_file_ref idref="fl-cf"/>
      </object_component>
      <object_component id="oc-282">
         <name>.debug_line</name>
         <load_address>0x16ec</load_address>
         <run_address>0x16ec</run_address>
         <size>0x7d</size>
         <input_file_ref idref="fl-cf"/>
      </object_component>
      <object_component id="oc-152">
         <name>.debug_line</name>
         <load_address>0x1769</load_address>
         <run_address>0x1769</run_address>
         <size>0x95</size>
         <input_file_ref idref="fl-cf"/>
      </object_component>
      <object_component id="oc-158">
         <name>.debug_line</name>
         <load_address>0x17fe</load_address>
         <run_address>0x17fe</run_address>
         <size>0xd1</size>
         <input_file_ref idref="fl-cf"/>
      </object_component>
      <object_component id="oc-81">
         <name>.debug_line</name>
         <load_address>0x18cf</load_address>
         <run_address>0x18cf</run_address>
         <size>0x93</size>
         <input_file_ref idref="fl-cf"/>
      </object_component>
      <object_component id="oc-99">
         <name>.debug_line</name>
         <load_address>0x1962</load_address>
         <run_address>0x1962</run_address>
         <size>0x93</size>
         <input_file_ref idref="fl-cf"/>
      </object_component>
      <object_component id="oc-9f">
         <name>.debug_line</name>
         <load_address>0x19f5</load_address>
         <run_address>0x19f5</run_address>
         <size>0x93</size>
         <input_file_ref idref="fl-cf"/>
      </object_component>
      <object_component id="oc-7c">
         <name>.debug_line</name>
         <load_address>0x1a88</load_address>
         <run_address>0x1a88</run_address>
         <size>0xa7</size>
         <input_file_ref idref="fl-cf"/>
      </object_component>
      <object_component id="oc-146">
         <name>.debug_line</name>
         <load_address>0x1b2f</load_address>
         <run_address>0x1b2f</run_address>
         <size>0x69</size>
         <input_file_ref idref="fl-cf"/>
      </object_component>
      <object_component id="oc-2a9">
         <name>.debug_line</name>
         <load_address>0x1b98</load_address>
         <run_address>0x1b98</run_address>
         <size>0x82</size>
         <input_file_ref idref="fl-d0"/>
      </object_component>
      <object_component id="oc-2c8">
         <name>.debug_line</name>
         <load_address>0x1c1a</load_address>
         <run_address>0x1c1a</run_address>
         <size>0x91</size>
         <input_file_ref idref="fl-d0"/>
      </object_component>
      <object_component id="oc-1ad">
         <name>.debug_line</name>
         <load_address>0x1cab</load_address>
         <run_address>0x1cab</run_address>
         <size>0x91</size>
         <input_file_ref idref="fl-d0"/>
      </object_component>
      <object_component id="oc-1b5">
         <name>.debug_line</name>
         <load_address>0x1d3c</load_address>
         <run_address>0x1d3c</run_address>
         <size>0x92</size>
         <input_file_ref idref="fl-d0"/>
      </object_component>
      <object_component id="oc-19f">
         <name>.debug_line</name>
         <load_address>0x1dce</load_address>
         <run_address>0x1dce</run_address>
         <size>0x91</size>
         <input_file_ref idref="fl-d0"/>
      </object_component>
      <object_component id="oc-ac">
         <name>.debug_line</name>
         <load_address>0x1e5f</load_address>
         <run_address>0x1e5f</run_address>
         <size>0xa5</size>
         <input_file_ref idref="fl-d0"/>
      </object_component>
      <object_component id="oc-2d1">
         <name>.debug_line</name>
         <load_address>0x1f04</load_address>
         <run_address>0x1f04</run_address>
         <size>0x91</size>
         <input_file_ref idref="fl-d0"/>
      </object_component>
      <object_component id="oc-2bf">
         <name>.debug_line</name>
         <load_address>0x1f95</load_address>
         <run_address>0x1f95</run_address>
         <size>0x91</size>
         <input_file_ref idref="fl-d0"/>
      </object_component>
      <object_component id="oc-1bb">
         <name>.debug_line</name>
         <load_address>0x2026</load_address>
         <run_address>0x2026</run_address>
         <size>0x91</size>
         <input_file_ref idref="fl-d0"/>
      </object_component>
      <object_component id="oc-31f">
         <name>.debug_line</name>
         <load_address>0x20b7</load_address>
         <run_address>0x20b7</run_address>
         <size>0x7c</size>
         <input_file_ref idref="fl-d1"/>
      </object_component>
      <object_component id="oc-31d">
         <name>.debug_line</name>
         <load_address>0x2133</load_address>
         <run_address>0x2133</run_address>
         <size>0x82</size>
         <input_file_ref idref="fl-d1"/>
      </object_component>
      <object_component id="oc-2e6">
         <name>.debug_line</name>
         <load_address>0x21b5</load_address>
         <run_address>0x21b5</run_address>
         <size>0x97</size>
         <input_file_ref idref="fl-d1"/>
      </object_component>
      <object_component id="oc-2da">
         <name>.debug_line</name>
         <load_address>0x224c</load_address>
         <run_address>0x224c</run_address>
         <size>0xb8</size>
         <input_file_ref idref="fl-d1"/>
      </object_component>
      <object_component id="oc-1a6">
         <name>.debug_line</name>
         <load_address>0x2304</load_address>
         <run_address>0x2304</run_address>
         <size>0xc2</size>
         <input_file_ref idref="fl-d1"/>
      </object_component>
      <object_component id="oc-2e1">
         <name>.debug_line</name>
         <load_address>0x23c6</load_address>
         <run_address>0x23c6</run_address>
         <size>0xc2</size>
         <input_file_ref idref="fl-d1"/>
      </object_component>
      <object_component id="oc-27b">
         <name>.debug_line</name>
         <load_address>0x2488</load_address>
         <run_address>0x2488</run_address>
         <size>0x13d</size>
         <input_file_ref idref="fl-d2"/>
      </object_component>
      <object_component id="oc-2a6">
         <name>.debug_line</name>
         <load_address>0x25c5</load_address>
         <run_address>0x25c5</run_address>
         <size>0x7f</size>
         <input_file_ref idref="fl-d2"/>
      </object_component>
      <object_component id="oc-93">
         <name>.debug_line</name>
         <load_address>0x2644</load_address>
         <run_address>0x2644</run_address>
         <size>0xa7</size>
         <input_file_ref idref="fl-d2"/>
      </object_component>
      <object_component id="oc-161">
         <name>.debug_line</name>
         <load_address>0x26eb</load_address>
         <run_address>0x26eb</run_address>
         <size>0x94</size>
         <input_file_ref idref="fl-d2"/>
      </object_component>
      <object_component id="oc-75">
         <name>.debug_line</name>
         <load_address>0x277f</load_address>
         <run_address>0x277f</run_address>
         <size>0x94</size>
         <input_file_ref idref="fl-d2"/>
      </object_component>
      <object_component id="oc-d1">
         <name>.debug_line</name>
         <load_address>0x2813</load_address>
         <run_address>0x2813</run_address>
         <size>0xee</size>
         <input_file_ref idref="fl-d2"/>
      </object_component>
      <object_component id="oc-a5">
         <name>.debug_line</name>
         <load_address>0x2901</load_address>
[...]
            <object_component_ref idref="oc-234"/>
            <object_component_ref idref="oc-45"/>
            <object_component_ref idref="oc-11d"/>
            <object_component_ref idref="oc-35"/>
            <object_component_ref idref="oc-22d"/>
            <object_component_ref idref="oc-116"/>
            <object_component_ref idref="oc-338"/>
            <object_component_ref idref="oc-34c"/>
            <object_component_ref idref="oc-33d"/>
            <object_component_ref idref="oc-342"/>
            <object_component_ref idref="oc-144"/>
            <object_component_ref idref="oc-27d"/>
            <object_component_ref idref="oc-2b3"/>
            <object_component_ref idref="oc-2ed"/>
         </contents>
      </logical_group>
      <load_segment id="lg-38d" display="no" color="cyan">
         <name>SEGMENT_0</name>
         <load_address>0x0</load_address>
         <run_address>0x0</run_address>
         <size>0x3560</size>
         <flags>0x5</flags>
         <contents>
            <logical_group_ref idref="lg-3"/>
            <logical_group_ref idref="lg-4"/>
            <logical_group_ref idref="lg-5"/>
            <logical_group_ref idref="lg-6"/>
         </contents>
      </load_segment>
      <load_segment id="lg-38e" display="no" color="cyan">
         <name>SEGMENT_1</name>
         <run_address>0x20000000</run_address>
         <size>0x339</size>
         <flags>0x6</flags>
         <contents>
            <logical_group_ref idref="lg-d"/>
            <logical_group_ref idref="lg-b"/>
            <logical_group_ref idref="lg-a"/>
         </contents>
      </load_segment>
   </logical_group_list>
   <placement_map>
      <memory_area display="yes" color="green">
         <name>FLASH</name>
         <page_id>0x0</page_id>
         <origin>0x0</origin>
         <length>0x40000</length>
         <used_space>0x355e</used_space>
         <unused_space>0x3caa2</unused_space>
         <attributes>RX</attributes>
         <usage_details>
            <allocated_space>
               <start_address>0x0</start_address>
               <size>0x26c</size>
               <logical_group_ref idref="lg-3"/>
            </allocated_space>
            <allocated_space>
               <start_address>0x26c</start_address>
               <size>0x3106</size>
               <logical_group_ref idref="lg-4"/>
            </allocated_space>
            <available_space>
               <start_address>0x3372</start_address>
               <size>0x2</size>
            </available_space>
            <allocated_space>
               <start_address>0x3374</start_address>
               <size>0x1bc</size>
               <logical_group_ref idref="lg-5"/>
            </allocated_space>
            <allocated_space>
               <start_address>0x3530</start_address>
               <size>0x30</size>
               <logical_group_ref idref="lg-6"/>
            </allocated_space>
            <available_space>
               <start_address>0x3560</start_address>
               <size>0x3caa0</size>
            </available_space>
         </usage_details>
      </memory_area>
      <memory_area display="yes" color="green">
         <name>SRAM</name>
         <page_id>0x0</page_id>
         <origin>0x20000000</origin>
         <length>0x8000</length>
         <used_space>0x336</used_space>
         <unused_space>0x7cca</unused_space>
         <attributes>RWX</attributes>
         <usage_details>
            <allocated_space>
               <start_address>0x20000000</start_address>
               <size>0x200</size>
               <logical_group_ref idref="lg-d"/>
            </allocated_space>
            <allocated_space>
               <start_address>0x20000200</start_address>
               <size>0x131</size>
               <logical_group_ref idref="lg-b"/>
            </allocated_space>
            <available_space>
               <start_address>0x20000331</start_address>
               <size>0x3</size>
            </available_space>
            <allocated_space>
               <start_address>0x20000334</start_address>
               <size>0x5</size>
               <logical_group_ref idref="lg-a"/>
            </allocated_space>
            <available_space>
               <start_address>0x20000339</start_address>
               <size>0x7cc7</size>
            </available_space>
         </usage_details>
      </memory_area>
   </placement_map>
   <cptbl_list>
      <cptbl>
         <name>__TI_cinit_table</name>
         <cprec>
            <name>.bss</name>
            <load_address>0x3540</load_address>
            <load_size>0x8</load_size>
            <run_address>0x20000200</run_address>
            <run_size>0x131</run_size>
            <compression>zero_init</compression>
         </cprec>
         <cprec>
            <name>.data</name>
            <load_address>0x3548</load_address>
            <load_size>0x7</load_size>
            <run_address>0x20000334</run_address>
            <run_size>0x5</run_size>
            <compression>lzss</compression>
         </cprec>
      </cptbl>
   </cptbl_list>
   <handler_table>
      <handler_table_name>__TI_handler_table</handler_table_name>
      <handler>
         <index>0x0</index>
         <name>__TI_decompress_lzss</name>
      </handler>
      <handler>
         <index>0x1</index>
         <name>__TI_decompress_none</name>
      </handler>
      <handler>
         <index>0x2</index>
         <name>__TI_zero_init</name>
      </handler>
   </handler_table>
   <symbol_table>
      <symbol id="sm-1">
         <name>__STACK_TOP</name>
         <value>0x20000200</value>
      </symbol>
      <symbol id="sm-2">
         <name>__TI_CINIT_Base</name>
         <value>0x3550</value>
      </symbol>
      <symbol id="sm-3">
         <name>__TI_CINIT_Limit</name>
         <value>0x3560</value>
      </symbol>
      <symbol id="sm-4">
         <name>__TI_Handler_Table_Base</name>
         <value>0x3530</value>
      </symbol>
      <symbol id="sm-5">
         <name>__TI_Handler_Table_Limit</name>
         <value>0x353c</value>
      </symbol>
      <symbol id="sm-6">
         <name>binit</name>
         <value>0xffffffff</value>
      </symbol>
      <symbol id="sm-7">
         <name>__binit__</name>
         <value>0xffffffff</value>
      </symbol>
      <symbol id="sm-8">
         <name>__STACK_SIZE</name>
         <value>0x200</value>
      </symbol>
      <symbol id="sm-9">
         <name>__STACK_END</name>
         <value>0x20000200</value>
      </symbol>
      <symbol id="sm-a">
         <name>__c_args__</name>
         <value>0xffffffff</value>
      </symbol>
      <symbol id="sm-b">
         <name>__TI_pprof_out_hndl</name>
         <value>0xffffffff</value>
      </symbol>
      <symbol id="sm-c">
         <name>__TI_prof_data_start</name>
         <value>0xffffffff</value>
      </symbol>
      <symbol id="sm-d">
         <name>__TI_prof_data_size</name>
         <value>0xffffffff</value>
      </symbol>
      <symbol id="sm-9e">
         <name>pitch</name>
         <value>0x20000324</value>
      </symbol>
      <symbol id="sm-9f">
         <name>roll</name>
         <value>0x2000032c</value>
      </symbol>
      <symbol id="sm-a0">
         <name>pitchAcc</name>
         <value>0x20000328</value>
      </symbol>
      <symbol id="sm-a1">
         <name>g_bMPU6050Done</name>
         <value>0x20000330</value>
      </symbol>
      <symbol id="sm-a2">
         <name>g_sI2CMSimpleInst</name>
         <value>0x20000200</value>
      </symbol>
      <symbol id="sm-a3">
         <name>InitUART</name>
         <value>0x166d</value>
         <object_component_ref idref="oc-2a"/>
      </symbol>
      <symbol id="sm-a4">
         <name>MPU6050Callback</name>
         <value>0x16a9</value>
         <object_component_ref idref="oc-2a"/>
      </symbol>
      <symbol id="sm-a5">
         <name>main</name>
         <value>0x1911</value>
         <object_component_ref idref="oc-2a"/>
      </symbol>
      <symbol id="sm-a6">
         <name>InitI2C0</name>
         <value>0x16bb</value>
         <object_component_ref idref="oc-2a"/>
      </symbol>
      <symbol id="sm-a7">
         <name>I2CMSimpleIntHandler</name>
         <value>0x1717</value>
         <object_component_ref idref="oc-2a"/>
      </symbol>
      <symbol id="sm-a8">
         <name>DelayinMS</name>
         <value>0x18af</value>
         <object_component_ref idref="oc-2a"/>
      </symbol>
      <symbol id="sm-a9">
         <name>ComplementaryFilter</name>
         <value>0x1721</value>
         <object_component_ref idref="oc-2a"/>
      </symbol>
      <symbol id="sm-ca">
         <name>ResetISR</name>
         <value>0x3311</value>
         <object_component_ref idref="oc-24"/>
      </symbol>
      <symbol id="sm-cb">
         <name>g_pfnVectors</name>
         <value>0x0</value>
         <object_component_ref idref="oc-f"/>
      </symbol>
      <symbol id="sm-13a">
         <name>UARTgetc</name>
         <value>0x1d63</value>
         <object_component_ref idref="oc-89"/>
      </symbol>
      <symbol id="sm-13b">
         <name>UARTgets</name>
         <value>0x1ca9</value>
         <object_component_ref idref="oc-89"/>
      </symbol>
      <symbol id="sm-13c">
         <name>UARTStdioConfig</name>
         <value>0x1c1d</value>
         <object_component_ref idref="oc-89"/>
      </symbol>
      <symbol id="sm-13d">
         <name>UARTwrite</name>
         <value>0x1c63</value>
         <object_component_ref idref="oc-89"/>
      </symbol>
      <symbol id="sm-13e">
         <name>UARTprintf</name>
         <value>0x2083</value>
         <object_component_ref idref="oc-89"/>
      </symbol>
      <symbol id="sm-13f">
         <name>UARTvprintf</name>
         <value>0x1d89</value>
         <object_component_ref idref="oc-89"/>
      </symbol>
      <symbol id="sm-14e">
         <name>__aeabi_uidivmod</name>
         <value>0x307f</value>
         <object_component_ref idref="oc-184"/>
      </symbol>
      <symbol id="sm-14f">
         <name>__aeabi_uidiv</name>
         <value>0x307f</value>
         <object_component_ref idref="oc-184"/>
      </symbol>
      <symbol id="sm-168">
         <name>__TI_zero_init_nomemset</name>
         <value>0x3265</value>
         <object_component_ref idref="oc-4a"/>
      </symbol>
      <symbol id="sm-17f">
         <name>__TI_decompress_none</name>
         <value>0x32f5</value>
         <object_component_ref idref="oc-18"/>
      </symbol>
      <symbol id="sm-1a2">
         <name>__TI_decompress_lzss</name>
         <value>0x2b1d</value>
         <object_component_ref idref="oc-12"/>
      </symbol>
      <symbol id="sm-1b5">
         <name>__stack</name>
         <value>0x20000000</value>
         <object_component_ref idref="oc-21"/>
      </symbol>
      <symbol id="sm-1b6">
         <name>_c_int00_noargs</name>
         <value>0x319d</value>
         <object_component_ref idref="oc-5c"/>
      </symbol>
      <symbol id="sm-1c0">
         <name>__aeabi_idiv0</name>
         <value>0x21eb</value>
         <object_component_ref idref="oc-29a"/>
      </symbol>
      <symbol id="sm-1c1">
         <name>__aeabi_ldiv0</name>
         <value>0x21eb</value>
         <object_component_ref idref="oc-29a"/>
      </symbol>
      <symbol id="sm-1dd">
         <name>memcpy</name>
         <value>0x26a9</value>
         <object_component_ref idref="oc-3e"/>
      </symbol>
      <symbol id="sm-1de">
         <name>__aeabi_memcpy</name>
         <value>0x26a9</value>
         <object_component_ref idref="oc-3e"/>
      </symbol>
      <symbol id="sm-1df">
         <name>__aeabi_memcpy8</name>
         <value>0x26a9</value>
         <object_component_ref idref="oc-3e"/>
      </symbol>
      <symbol id="sm-1e0">
         <name>__aeabi_memcpy4</name>
         <value>0x26a9</value>
         <object_component_ref idref="oc-3e"/>
      </symbol>
      <symbol id="sm-208">
         <name>__TI_auto_init_nobinit_nopinit</name>
         <value>0x2ff9</value>
         <object_component_ref idref="oc-248"/>
      </symbol>
      <symbol id="sm-212">
         <name>_system_pre_init</name>
         <value>0x336b</value>
         <object_component_ref idref="oc-130"/>
      </symbol>
      <symbol id="sm-21e">
         <name>C$$EXIT</name>
         <value>0x336f</value>
         <object_component_ref idref="oc-23c"/>
      </symbol>
      <symbol id="sm-21f">
         <name>abort</name>
         <value>0x336f</value>
         <object_component_ref idref="oc-23c"/>
      </symbol>
      <symbol id="sm-268">
         <name>GPIOPinConfigure</name>
         <value>0x2edd</value>
         <object_component_ref idref="oc-77"/>
      </symbol>
      <symbol id="sm-269">
         <name>GPIOPinTypeI2CSCL</name>
         <value>0x32c1</value>
         <object_component_ref idref="oc-95"/>
      </symbol>
      <symbol id="sm-26a">
         <name>GPIOPinTypeI2C</name>
         <value>0x32af</value>
         <object_component_ref idref="oc-9b"/>
      </symbol>
      <symbol id="sm-26b">
         <name>GPIOPinTypeUART</name>
         <value>0x32d3</value>
         <object_component_ref idref="oc-7d"/>
      </symbol>
      <symbol id="sm-26c">
         <name>GPIODirModeSet</name>
         <value>0x31d1</value>
         <object_component_ref idref="oc-14e"/>
      </symbol>
      <symbol id="sm-26d">
         <name>GPIOPadConfigSet</name>
         <value>0x20b9</value>
         <object_component_ref idref="oc-154"/>
      </symbol>
      <symbol id="sm-2b6">
         <name>I2CMasterDataPut</name>
         <value>0x3367</value>
         <object_component_ref idref="oc-2cc"/>
      </symbol>
      <symbol id="sm-2b7">
         <name>I2CMasterInitExpClk</name>
         <value>0x2df9</value>
         <object_component_ref idref="oc-a7"/>
      </symbol>
      <symbol id="sm-2b8">
         <name>I2CMasterSlaveAddrSet</name>
         <value>0x334b</value>
         <object_component_ref idref="oc-2c4"/>
      </symbol>
      <symbol id="sm-2b9">
         <name>I2CMasterDataGet</name>
         <value>0x3363</value>
         <object_component_ref idref="oc-2ba"/>
      </symbol>
      <symbol id="sm-2ba">
         <name>I2CMasterIntEnableEx</name>
         <value>0x3343</value>
         <object_component_ref idref="oc-1a8"/>
      </symbol>
      <symbol id="sm-2bb">
         <name>I2CMasterControl</name>
         <value>0x335f</value>
         <object_component_ref idref="oc-1b6"/>
      </symbol>
      <symbol id="sm-2bc">
         <name>I2CMasterEnable</name>
         <value>0x331d</value>
         <object_component_ref idref="oc-19a"/>
      </symbol>
      <symbol id="sm-2bd">
         <name>I2CMasterIntClear</name>
         <value>0x333b</value>
         <object_component_ref idref="oc-1b0"/>
      </symbol>
      <symbol id="sm-312">
         <name>IntIsEnabled</name>
         <value>0x2b85</value>
         <object_component_ref idref="oc-2d6"/>
      </symbol>
      <symbol id="sm-313">
         <name>IntEnable</name>
         <value>0x2ab5</value>
         <object_component_ref idref="oc-1a2"/>
      </symbol>
      <symbol id="sm-314">
         <name>IntTrigger</name>
         <value>0x3305</value>
         <object_component_ref idref="oc-2e2"/>
      </symbol>
      <symbol id="sm-315">
         <name>IntDisable</name>
         <value>0x2a4d</value>
         <object_component_ref idref="oc-2dc"/>
      </symbol>
      <symbol id="sm-37e">
         <name>SysCtlPeripheralPresent</name>
         <value>0x30fd</value>
         <object_component_ref idref="oc-15d"/>
      </symbol>
      <symbol id="sm-37f">
         <name>SysCtlClockSet</name>
         <value>0x22fd</value>
         <object_component_ref idref="oc-cd"/>
      </symbol>
      <symbol id="sm-380">
         <name>SysCtlDelay</name>
         <value>0x3353</value>
         <object_component_ref idref="oc-c8"/>
      </symbol>
      <symbol id="sm-381">
         <name>SysCtlPeripheralEnable</name>
         <value>0x3169</value>
         <object_component_ref idref="oc-71"/>
      </symbol>
      <symbol id="sm-382">
         <name>SysCtlClockGet</name>
         <value>0x21ed</value>
         <object_component_ref idref="oc-a1"/>
      </symbol>
      <symbol id="sm-383">
         <name>SysCtlPeripheralReset</name>
         <value>0x2da9</value>
         <object_component_ref idref="oc-8f"/>
      </symbol>
      <symbol id="sm-3be">
         <name>UARTConfigSetExpClk</name>
         <value>0x2f6d</value>
         <object_component_ref idref="oc-163"/>
      </symbol>
      <symbol id="sm-3bf">
         <name>UARTDisable</name>
         <value>0x3245</value>
         <object_component_ref idref="oc-28a"/>
      </symbol>
      <symbol id="sm-3c0">
         <name>UARTClockSourceSet</name>
         <value>0x3359</value>
         <object_component_ref idref="oc-83"/>
      </symbol>
      <symbol id="sm-3c1">
         <name>UARTCharPut</name>
         <value>0x3331</value>
         <object_component_ref idref="oc-16f"/>
      </symbol>
      <symbol id="sm-3c2">
         <name>UARTEnable</name>
         <value>0x329b</value>
         <object_component_ref idref="oc-169"/>
      </symbol>
      <symbol id="sm-3c3">
         <name>UARTCharGet</name>
         <value>0x3327</value>
         <object_component_ref idref="oc-175"/>
      </symbol>
      <symbol id="sm-3d3">
         <name>_IQ16atan2</name>
         <value>0x25d5</value>
         <object_component_ref idref="oc-c3"/>
      </symbol>
      <symbol id="sm-3de">
         <name>_IQ16div</name>
         <value>0x27dd</value>
         <object_component_ref idref="oc-b9"/>
      </symbol>
      <symbol id="sm-3e7">
         <name>_IQ16mpy</name>
         <value>0x32e5</value>
         <object_component_ref idref="oc-be"/>
      </symbol>
      <symbol id="sm-3ed">
         <name>atan2PU_table</name>
         <value>0x26c</value>
         <object_component_ref idref="oc-202"/>
      </symbol>
      <symbol id="sm-3ee">
         <name>div_table</name>
         <value>0xe6c</value>
         <object_component_ref idref="oc-201"/>
      </symbol>
      <symbol id="sm-4c4">
         <name>I2CMCommand</name>
         <value>0x286d</value>
         <object_component_ref idref="oc-20c"/>
      </symbol>
      <symbol id="sm-4c5">
         <name>I2CMInit</name>
         <value>0x3135</value>
         <object_component_ref idref="oc-ad"/>
      </symbol>
      <symbol id="sm-4c6">
         <name>I2CMReadModifyWrite8</name>
         <value>0x28f5</value>
         <object_component_ref idref="oc-21a"/>
      </symbol>
      <symbol id="sm-4c7">
         <name>I2CMIntHandler</name>
         <value>0x23f1</value>
         <object_component_ref idref="oc-b3"/>
      </symbol>
      <symbol id="sm-52a">
         <name>MPU6050DataGyroGetFloat</name>
         <value>0x29dd</value>
         <object_component_ref idref="oc-ee"/>
      </symbol>
      <symbol id="sm-52b">
         <name>MPU6050DataAccelGetFloat</name>
         <value>0x296d</value>
         <object_component_ref idref="oc-e8"/>
      </symbol>
      <symbol id="sm-52c">
         <name>MPU6050DataRead</name>
         <value>0x2d05</value>
         <object_component_ref idref="oc-e1"/>
      </symbol>
      <symbol id="sm-52d">
         <name>MPU6050Init</name>
         <value>0x2ca9</value>
         <object_component_ref idref="oc-d3"/>
      </symbol>
      <symbol id="sm-52e">
         <name>MPU6050ReadModifyWrite</name>
         <value>0x2e45</value>
         <object_component_ref idref="oc-d9"/>
      </symbol>
      <symbol id="sm-52f">
         <name>__TI_static_base__</name>
         <value>0x0</value>
      </symbol>
      <symbol id="sm-532">
         <name>__mpu_init</name>
         <value>0x0</value>
      </symbol>
      <symbol id="sm-533">
         <name>_system_post_cinit</name>
         <value>0x0</value>
      </symbol>
   </symbol_table>
   <title>Link successful</title>
</link_info>
